
=== rho = 0.40    q_f = 0.200    K = 15    tau = 0.5 ===
  [build] K=15, n_states=524,288
  [build] states    98,305/524,288 ( 18.8%)  sa=  147,454  nnz= 2,214,856  elapsed=  1.0s  eta= 4.4s
  [build] states   196,609/524,288 ( 37.5%)  sa=  294,910  nnz= 4,429,744  elapsed=  2.1s  eta= 3.5s
  [build] states   262,145/524,288 ( 50.0%)  sa=  393,214  nnz= 5,906,336  elapsed=  3.1s  eta= 3.1s
  [build] states   327,681/524,288 ( 62.5%)  sa=  491,518  nnz= 7,382,928  elapsed=  4.3s  eta= 2.6s
  [build] states   393,217/524,288 ( 75.0%)  sa=  589,822  nnz= 8,859,520  elapsed=  5.4s  eta= 1.8s
  [build] states   458,753/524,288 ( 87.5%)  sa=  688,126  nnz=10,336,112  elapsed=  6.5s  eta= 0.9s
  [build] states 524,288/524,288 (100.0%)  sa=786,428  nnz=11,566,532  elapsed=7.4s
  [build] assembling sparse CSR ...
  [build] applying strong-aperiodicity transformation (tau=0.5) ...
  [build] model ready  n_states=524,288  n_sa=786,428  nnz=11,606,520  total build 9.4s

--- Value Iteration (K=15) ---
  [VI] start  n_states=524,288  n_sa=786,428  tol=1e-06
  [VI] iter    24  m_n=+1.957970  M_n=+44.623479  span=4.267e+01  rel=2.179e+01  elapsed=   1.0s
  [VI] iter    48  m_n=+2.020528  M_n=+28.783848  span=2.676e+01  rel=1.325e+01  elapsed=   2.0s
  [VI] iter    69  m_n=+2.023960  M_n=+16.728558  span=1.470e+01  rel=7.265e+00  elapsed=   3.1s
  [VI] iter    91  m_n=+2.024272  M_n=+8.098829  span=6.075e+00  rel=3.001e+00  elapsed=   4.1s
  [VI] iter   112  m_n=+2.024298  M_n=+4.161884  span=2.138e+00  rel=1.056e+00  elapsed=   5.1s
  [VI] iter   133  m_n=+2.024300  M_n=+2.491359  span=4.671e-01  rel=2.307e-01  elapsed=   6.1s
  [VI] iter   156  m_n=+2.024300  M_n=+2.084085  span=5.978e-02  rel=2.953e-02  elapsed=   7.1s
  [VI] iter   180  m_n=+2.024300  M_n=+2.029630  span=5.330e-03  rel=2.633e-03  elapsed=   8.2s
  [VI] iter   204  m_n=+2.024300  M_n=+2.024709  span=4.083e-04  rel=2.017e-04  elapsed=   9.2s
  [VI] iter   226  m_n=+2.024300  M_n=+2.024337  span=3.612e-05  rel=1.784e-05  elapsed=  10.2s
  [VI] iter   244  m_n=+2.024300  M_n=+2.024305  span=4.840e-06  rel=2.391e-06  elapsed=  11.2s
  [VI] converged at iter 252  g=2.024301  [m_n=2.024300, M_n=2.024302]  total 11.6s
  -> g_VI = 2.024301    E[W]_VI = 5.061 s    iters = 252    second-action picks = 155406/262140

  paper Table 1 target E[W] = 4.89 s
    delta_VI@K=15       = +0.171 s

  [persist] results saved to results\20260428_144517_single_rho0.40_K15.json
  [persist] xlsx saved to results\20260428_144518_single_rho0.40_K15.xlsx
